Archive member included to satisfy reference by file (symbol)

c:/program files (x86)/gnu arm embedded toolchain/10 2021.10/bin/../lib/gcc/arm-none-eabi/10.3.1/thumb/v7-m/nofp\libgcc.a(_arm_muldf3.o)
                              Build/main.o (__aeabi_dmul)
c:/program files (x86)/gnu arm embedded toolchain/10 2021.10/bin/../lib/gcc/arm-none-eabi/10.3.1/thumb/v7-m/nofp\libgcc.a(_arm_addsubdf3.o)
                              Build/main.o (__aeabi_ui2d)
c:/program files (x86)/gnu arm embedded toolchain/10 2021.10/bin/../lib/gcc/arm-none-eabi/10.3.1/thumb/v7-m/nofp\libgcc.a(_arm_muldivdf3.o)
                              Build/main.o (__aeabi_ddiv)
c:/program files (x86)/gnu arm embedded toolchain/10 2021.10/bin/../lib/gcc/arm-none-eabi/10.3.1/thumb/v7-m/nofp\libgcc.a(_arm_fixunsdfsi.o)
                              Build/main.o (__aeabi_d2uiz)

Discarded input sections

 .data          0x00000000        0x0 Build/delay.o
 .bss           0x00000000        0x0 Build/delay.o
 .data          0x00000000       0x10 Build/main.o
 .data          0x00000000        0x0 Build/startup.o
 .bss           0x00000000        0x0 Build/startup.o
 .data          0x00000000        0x0 Build/systemclk.o
 .bss           0x00000000        0x0 Build/systemclk.o
 .text          0x00000000      0x254 c:/program files (x86)/gnu arm embedded toolchain/10 2021.10/bin/../lib/gcc/arm-none-eabi/10.3.1/thumb/v7-m/nofp\libgcc.a(_arm_muldf3.o)
 .data          0x00000000        0x0 c:/program files (x86)/gnu arm embedded toolchain/10 2021.10/bin/../lib/gcc/arm-none-eabi/10.3.1/thumb/v7-m/nofp\libgcc.a(_arm_muldf3.o)
 .bss           0x00000000        0x0 c:/program files (x86)/gnu arm embedded toolchain/10 2021.10/bin/../lib/gcc/arm-none-eabi/10.3.1/thumb/v7-m/nofp\libgcc.a(_arm_muldf3.o)
 .debug_frame   0x00000000       0x30 c:/program files (x86)/gnu arm embedded toolchain/10 2021.10/bin/../lib/gcc/arm-none-eabi/10.3.1/thumb/v7-m/nofp\libgcc.a(_arm_muldf3.o)
 .ARM.attributes
                0x00000000       0x1d c:/program files (x86)/gnu arm embedded toolchain/10 2021.10/bin/../lib/gcc/arm-none-eabi/10.3.1/thumb/v7-m/nofp\libgcc.a(_arm_muldf3.o)
 .data          0x00000000        0x0 c:/program files (x86)/gnu arm embedded toolchain/10 2021.10/bin/../lib/gcc/arm-none-eabi/10.3.1/thumb/v7-m/nofp\libgcc.a(_arm_addsubdf3.o)
 .bss           0x00000000        0x0 c:/program files (x86)/gnu arm embedded toolchain/10 2021.10/bin/../lib/gcc/arm-none-eabi/10.3.1/thumb/v7-m/nofp\libgcc.a(_arm_addsubdf3.o)
 .debug_frame   0x00000000       0xac c:/program files (x86)/gnu arm embedded toolchain/10 2021.10/bin/../lib/gcc/arm-none-eabi/10.3.1/thumb/v7-m/nofp\libgcc.a(_arm_addsubdf3.o)
 .ARM.attributes
                0x00000000       0x1d c:/program files (x86)/gnu arm embedded toolchain/10 2021.10/bin/../lib/gcc/arm-none-eabi/10.3.1/thumb/v7-m/nofp\libgcc.a(_arm_addsubdf3.o)
 .data          0x00000000        0x0 c:/program files (x86)/gnu arm embedded toolchain/10 2021.10/bin/../lib/gcc/arm-none-eabi/10.3.1/thumb/v7-m/nofp\libgcc.a(_arm_muldivdf3.o)
 .bss           0x00000000        0x0 c:/program files (x86)/gnu arm embedded toolchain/10 2021.10/bin/../lib/gcc/arm-none-eabi/10.3.1/thumb/v7-m/nofp\libgcc.a(_arm_muldivdf3.o)
 .debug_frame   0x00000000       0x50 c:/program files (x86)/gnu arm embedded toolchain/10 2021.10/bin/../lib/gcc/arm-none-eabi/10.3.1/thumb/v7-m/nofp\libgcc.a(_arm_muldivdf3.o)
 .ARM.attributes
                0x00000000       0x1d c:/program files (x86)/gnu arm embedded toolchain/10 2021.10/bin/../lib/gcc/arm-none-eabi/10.3.1/thumb/v7-m/nofp\libgcc.a(_arm_muldivdf3.o)
 .data          0x00000000        0x0 c:/program files (x86)/gnu arm embedded toolchain/10 2021.10/bin/../lib/gcc/arm-none-eabi/10.3.1/thumb/v7-m/nofp\libgcc.a(_arm_fixunsdfsi.o)
 .bss           0x00000000        0x0 c:/program files (x86)/gnu arm embedded toolchain/10 2021.10/bin/../lib/gcc/arm-none-eabi/10.3.1/thumb/v7-m/nofp\libgcc.a(_arm_fixunsdfsi.o)
 .debug_frame   0x00000000       0x24 c:/program files (x86)/gnu arm embedded toolchain/10 2021.10/bin/../lib/gcc/arm-none-eabi/10.3.1/thumb/v7-m/nofp\libgcc.a(_arm_fixunsdfsi.o)
 .ARM.attributes
                0x00000000       0x1d c:/program files (x86)/gnu arm embedded toolchain/10 2021.10/bin/../lib/gcc/arm-none-eabi/10.3.1/thumb/v7-m/nofp\libgcc.a(_arm_fixunsdfsi.o)

Memory Configuration

Name             Origin             Length             Attributes
SRAM             0x20000000         0x00005000         xrw
FLASH            0x08000000         0x00010000         xr
*default*        0x00000000         0xffffffff

Linker script and memory map

LOAD Build/delay.o
LOAD Build/main.o
LOAD Build/startup.o
LOAD Build/systemclk.o
                0x20005000                _estack = (ORIGIN (SRAM) + LENGTH (SRAM))
                0x00000200                _Min_Heap_Size = 0x200
                0x00000400                _Min_Stack_Size = 0x400

.isr_vector     0x08000000       0xec
                0x08000000                . = ALIGN (0x4)
 *(.isr_vector)
 .isr_vector    0x08000000       0xec Build/startup.o
                0x08000000                isr_vector
                0x080000ec                . = ALIGN (0x4)

.text           0x080000f0      0xe10
                0x080000f0                . = ALIGN (0x4)
 *(.text)
 .text          0x080000f0       0x78 Build/delay.o
                0x080000f0                delay_us
                0x08000138                delay_ms
 .text          0x08000168      0x474 Build/main.o
                0x08000168                ADC_Config
                0x080001cc                DMA_Config
                0x080002a4                TIMER_Config
                0x080002f4                USART_Config
                0x0800034c                USART_Send
                0x08000378                USART_Recieve
                0x0800039c                I2C_Config
                0x0800041c                I2C_SendData
                0x080004b4                OLED_Wakeup
                0x08000508                Calculate_ADC
                0x08000560                main
 .text          0x080005dc       0x60 Build/startup.o
                0x080005dc                RTC_Alarm_IRQHandler
                0x080005dc                EXTI2_IRQHandler
                0x080005dc                SVCall_Handler
                0x080005dc                TIM1_CC_IRQHandler
                0x080005dc                Systick_Handler
                0x080005dc                Hardfault_Handler
                0x080005dc                PVD_IRQHandler
                0x080005dc                PendSV_Handler
                0x080005dc                NMI_Handler
                0x080005dc                EXTI3_IRQHandler
                0x080005dc                EXTI0_IRQHandler
                0x080005dc                I2C2_EV_IRQHandler
                0x080005dc                UsageFault_Handler
                0x080005dc                ADC1_2_IRQHandler
                0x080005dc                SPI1_IRQHandler
                0x080005dc                TAMPER_IRQHandler
                0x080005dc                DMA1_Channel4_IRQHandler
                0x080005dc                USART3_IRQHandler
                0x080005dc                RTC_IRQHandler
                0x080005dc                DMA1_Channel7_IRQHandler
                0x080005dc                I2C1_ER_IRQHandler
                0x080005dc                CAN1_RX1_IRQHandler
                0x080005dc                TIM4_IRQHandler
                0x080005dc                I2C1_EV_IRQHandler
                0x080005dc                DMA1_Channel6_IRQHandler
                0x080005dc                TIM3_IRQHandler
                0x080005dc                RCC_IRQHandler
                0x080005dc                TIM1_TRG_COM_IRQHandler
                0x080005dc                DMA1_Channel1_IRQHandler
                0x080005dc                Default_Handler
                0x080005dc                EXTI15_10_IRQHandler
                0x080005dc                EXTI9_5_IRQHandler
                0x080005dc                SPI2_IRQHandler
                0x080005dc                MemManage_Handler
                0x080005dc                DMA1_Channel5_IRQHandler
                0x080005dc                EXTI4_IRQHandler
                0x080005dc                USB_LP_CAN1_RX0_IRQHandler
                0x080005dc                USB_HP_CAN1_TX_IRQHandler
                0x080005dc                DMA1_Channel3_IRQHandler
                0x080005dc                TIM1_UP_IRQHandler
                0x080005dc                WWDG_IRQHandler
                0x080005dc                TIM2_IRQHandler
                0x080005dc                TIM1_BRK_IRQHandler
                0x080005dc                EXTI1_IRQHandler
                0x080005dc                USART2_IRQHandler
                0x080005dc                I2C2_ER_IRQHandler
                0x080005dc                DMA1_Channel2_IRQHandler
                0x080005dc                CAN1_SCE_IRQHandler
                0x080005dc                FLASH_IRQHandler
                0x080005dc                BusFault_Handler
                0x080005dc                USART1_IRQHandler
                0x080005dc                USBWakeUp_IRQHandler
                0x080005e2                Reset_Handler
 .text          0x0800063c       0xe8 Build/systemclk.o
                0x0800063c                SystemClock_Config
 .text          0x08000724      0x378 c:/program files (x86)/gnu arm embedded toolchain/10 2021.10/bin/../lib/gcc/arm-none-eabi/10.3.1/thumb/v7-m/nofp\libgcc.a(_arm_addsubdf3.o)
                0x08000724                __aeabi_drsub
                0x0800072c                __aeabi_dsub
                0x0800072c                __subdf3
                0x08000730                __aeabi_dadd
                0x08000730                __adddf3
                0x080009a8                __floatunsidf
                0x080009a8                __aeabi_ui2d
                0x080009c8                __floatsidf
                0x080009c8                __aeabi_i2d
                0x080009ec                __aeabi_f2d
                0x080009ec                __extendsfdf2
                0x08000a30                __floatundidf
                0x08000a30                __aeabi_ul2d
                0x08000a40                __floatdidf
                0x08000a40                __aeabi_l2d
 .text          0x08000a9c      0x424 c:/program files (x86)/gnu arm embedded toolchain/10 2021.10/bin/../lib/gcc/arm-none-eabi/10.3.1/thumb/v7-m/nofp\libgcc.a(_arm_muldivdf3.o)
                0x08000a9c                __aeabi_dmul
                0x08000a9c                __muldf3
                0x08000cf0                __divdf3
                0x08000cf0                __aeabi_ddiv
 .text          0x08000ec0       0x40 c:/program files (x86)/gnu arm embedded toolchain/10 2021.10/bin/../lib/gcc/arm-none-eabi/10.3.1/thumb/v7-m/nofp\libgcc.a(_arm_fixunsdfsi.o)
                0x08000ec0                __aeabi_d2uiz
                0x08000ec0                __fixunsdfsi
 *(.text*)
 *(.glue_7)
 .glue_7        0x08000f00        0x0 linker stubs
 *(.glue_7t)
 .glue_7t       0x08000f00        0x0 linker stubs
 *(.eh_frame)
 *(.init)
 *(.fini)
                0x08000f00                . = ALIGN (0x4)
                0x08000f00                _etext = .

.vfp11_veneer   0x08000f00        0x0
 .vfp11_veneer  0x08000f00        0x0 linker stubs

.v4_bx          0x08000f00        0x0
 .v4_bx         0x08000f00        0x0 linker stubs

.iplt           0x08000f00        0x0
 .iplt          0x08000f00        0x0 Build/delay.o

.rodata         0x08000f00        0x8
                0x08000f00                . = ALIGN (0x4)
 *(.rodata)
 .rodata        0x08000f00        0x7 Build/main.o
 *(.rodata*)
                0x08000f08                . = ALIGN (0x4)
 *fill*         0x08000f07        0x1 

.rel.dyn        0x08000f08        0x0
 .rel.iplt      0x08000f08        0x0 Build/delay.o

.ARM.extab      0x08000f08        0x0
                0x08000f08                . = ALIGN (0x4)
 *(.ARM.extab* .gnu.linkonce.armextab.*)
                0x08000f08                . = ALIGN (0x4)

.ARM            0x08000f08        0x0
                0x08000f08                . = ALIGN (0x4)
                0x08000f08                __exidix_start = .
 *(.ARM.exidx*)
                0x08000f08                __exidix_end = .
                0x08000f08                . = ALIGN (0x4)

preinit_array   0x08000f08        0x0
                0x08000f08                . = ALIGN (0x4)
                [!provide]                PROVIDE (__preinit_array_start = .)
 *(.preinit_array*)
                [!provide]                PROVIDE (__preinit_array_end = .)
                0x08000f08                . = ALIGN (0x4)

init_array      0x08000f08        0x0
                0x08000f08                . = ALIGN (0x4)
                [!provide]                PROVIDE (__init_array_start = .)
 *SORT(.init_array*)
 *(.init_array*)
                [!provide]                PROVIDE (__init_array_end = .)
                0x08000f08                . = ALIGN (0x4)

fini_array      0x08000f08        0x0
                0x08000f08                . = ALIGN (0x4)
                [!provide]                PROVIDE (__fini_array_start = .)
 *SORT(.fini_array*)
 *(.fini_array*)
                [!provide]                PROVIDE (__fini_array_end = .)
                0x08000f08                . = ALIGN (0x4)
                0x08000f08                _sidata = LOADADDR (.data)

.data           0x20000000        0x0 load address 0x08000f08
                0x20000000                . = ALIGN (0x4)
                0x20000000                _sdata = .
 *(.data)
 *(.data*)
 *(.RamFunc)
 *(.RamFunc*)
                0x20000000                . = ALIGN (0x4)
                0x20000000                _edata = .

.igot.plt       0x20000000        0x0 load address 0x08000f08
 .igot.plt      0x20000000        0x0 Build/delay.o
                0x20000000                . = ALIGN (0x4)

.bss            0x20000000      0x800 load address 0x08000f08
                0x20000000                _sbss = .
                0x20000000                __bss_start__ = _sbss
 *(.bss)
 .bss           0x20000000      0x800 Build/main.o
                0x20000000                adc_buffer
 *(.bss*)
 *(COMMON)
                0x20000800                . = ALIGN (0x4)
                0x20000800                _ebss = .
                0x20000800                __bss_end__ = _ebss

._user_heap_stack
                0x20000800      0x600 load address 0x08000f08
                0x20000800                . = ALIGN (0x8)
                [!provide]                PROVIDE (end = .)
                [!provide]                PROVIDE (_end = .)
                0x20000a00                . = (. + _Min_Heap_Size)
 *fill*         0x20000800      0x200 
                0x20000e00                . = (. + _Min_Stack_Size)
 *fill*         0x20000a00      0x400 
                0x20000e00                . = ALIGN (0x8)

/DISCARD/
 libc.a(*)
 libm.a(*)
 libgcc.a(*)

.ARM.attributes
                0x00000000       0x2d
 *(.ARM.attributes)
 .ARM.attributes
                0x00000000       0x2d Build/delay.o
 .ARM.attributes
                0x0000002d       0x2d Build/main.o
 .ARM.attributes
                0x0000005a       0x2d Build/startup.o
 .ARM.attributes
                0x00000087       0x2d Build/systemclk.o
OUTPUT(Build/project.elf elf32-littlearm)
LOAD linker stubs
LOAD c:/program files (x86)/gnu arm embedded toolchain/10 2021.10/bin/../lib/gcc/arm-none-eabi/10.3.1/../../../../arm-none-eabi/lib/thumb/v7-m/nofp\libc.a
LOAD c:/program files (x86)/gnu arm embedded toolchain/10 2021.10/bin/../lib/gcc/arm-none-eabi/10.3.1/../../../../arm-none-eabi/lib/thumb/v7-m/nofp\libm.a
LOAD c:/program files (x86)/gnu arm embedded toolchain/10 2021.10/bin/../lib/gcc/arm-none-eabi/10.3.1/thumb/v7-m/nofp\libgcc.a

.debug_info     0x00000000      0xc88
 .debug_info    0x00000000      0x130 Build/delay.o
 .debug_info    0x00000130      0x849 Build/main.o
 .debug_info    0x00000979      0x13b Build/startup.o
 .debug_info    0x00000ab4      0x1d4 Build/systemclk.o

.debug_abbrev   0x00000000      0x3ae
 .debug_abbrev  0x00000000       0xd2 Build/delay.o
 .debug_abbrev  0x000000d2      0x190 Build/main.o
 .debug_abbrev  0x00000262       0xc1 Build/startup.o
 .debug_abbrev  0x00000323       0x8b Build/systemclk.o

.debug_aranges  0x00000000       0x80
 .debug_aranges
                0x00000000       0x20 Build/delay.o
 .debug_aranges
                0x00000020       0x20 Build/main.o
 .debug_aranges
                0x00000040       0x20 Build/startup.o
 .debug_aranges
                0x00000060       0x20 Build/systemclk.o

.debug_line     0x00000000      0x7ae
 .debug_line    0x00000000      0x182 Build/delay.o
 .debug_line    0x00000182      0x35b Build/main.o
 .debug_line    0x000004dd      0x148 Build/startup.o
 .debug_line    0x00000625      0x189 Build/systemclk.o

.debug_str      0x00000000      0x47e
 .debug_str     0x00000000      0x138 Build/delay.o
                                0x175 (size before relaxing)
 .debug_str     0x00000138      0x29c Build/main.o
                                0x3ee (size before relaxing)
 .debug_str     0x000003d4       0x6c Build/startup.o
                                0x1a3 (size before relaxing)
 .debug_str     0x00000440       0x3e Build/systemclk.o
                                0x1c7 (size before relaxing)

.comment        0x00000000       0x49
 .comment       0x00000000       0x49 Build/delay.o
                                 0x4a (size before relaxing)
 .comment       0x00000049       0x4a Build/main.o
 .comment       0x00000049       0x4a Build/startup.o
 .comment       0x00000049       0x4a Build/systemclk.o

.debug_frame    0x00000000      0x264
 .debug_frame   0x00000000       0x5c Build/delay.o
 .debug_frame   0x0000005c      0x190 Build/main.o
 .debug_frame   0x000001ec       0x48 Build/startup.o
 .debug_frame   0x00000234       0x30 Build/systemclk.o

Cross Reference Table

Symbol                                            File
ADC1_2_IRQHandler                                 Build/startup.o
ADC_Config                                        Build/main.o
BusFault_Handler                                  Build/startup.o
CAN1_RX1_IRQHandler                               Build/startup.o
CAN1_SCE_IRQHandler                               Build/startup.o
Calculate_ADC                                     Build/main.o
DMA1_Channel1_IRQHandler                          Build/startup.o
DMA1_Channel2_IRQHandler                          Build/startup.o
DMA1_Channel3_IRQHandler                          Build/startup.o
DMA1_Channel4_IRQHandler                          Build/startup.o
DMA1_Channel5_IRQHandler                          Build/startup.o
DMA1_Channel6_IRQHandler                          Build/startup.o
DMA1_Channel7_IRQHandler                          Build/startup.o
DMA_Config                                        Build/main.o
Default_Handler                                   Build/startup.o
EXTI0_IRQHandler                                  Build/startup.o
EXTI15_10_IRQHandler                              Build/startup.o
EXTI1_IRQHandler                                  Build/startup.o
EXTI2_IRQHandler                                  Build/startup.o
EXTI3_IRQHandler                                  Build/startup.o
EXTI4_IRQHandler                                  Build/startup.o
EXTI9_5_IRQHandler                                Build/startup.o
FLASH_IRQHandler                                  Build/startup.o
Hardfault_Handler                                 Build/startup.o
I2C1_ER_IRQHandler                                Build/startup.o
I2C1_EV_IRQHandler                                Build/startup.o
I2C2_ER_IRQHandler                                Build/startup.o
I2C2_EV_IRQHandler                                Build/startup.o
I2C_Config                                        Build/main.o
I2C_SendData                                      Build/main.o
MemManage_Handler                                 Build/startup.o
NMI_Handler                                       Build/startup.o
OLED_Wakeup                                       Build/main.o
PVD_IRQHandler                                    Build/startup.o
PendSV_Handler                                    Build/startup.o
RCC_IRQHandler                                    Build/startup.o
RTC_Alarm_IRQHandler                              Build/startup.o
RTC_IRQHandler                                    Build/startup.o
Reset_Handler                                     Build/startup.o
SPI1_IRQHandler                                   Build/startup.o
SPI2_IRQHandler                                   Build/startup.o
SVCall_Handler                                    Build/startup.o
SystemClock_Config                                Build/systemclk.o
                                                  Build/main.o
Systick_Handler                                   Build/startup.o
TAMPER_IRQHandler                                 Build/startup.o
TIM1_BRK_IRQHandler                               Build/startup.o
TIM1_CC_IRQHandler                                Build/startup.o
TIM1_TRG_COM_IRQHandler                           Build/startup.o
TIM1_UP_IRQHandler                                Build/startup.o
TIM2_IRQHandler                                   Build/startup.o
TIM3_IRQHandler                                   Build/startup.o
TIM4_IRQHandler                                   Build/startup.o
TIMER_Config                                      Build/main.o
USART1_IRQHandler                                 Build/startup.o
USART2_IRQHandler                                 Build/startup.o
USART3_IRQHandler                                 Build/startup.o
USART_Config                                      Build/main.o
USART_Recieve                                     Build/main.o
USART_Send                                        Build/main.o
USBWakeUp_IRQHandler                              Build/startup.o
USB_HP_CAN1_TX_IRQHandler                         Build/startup.o
USB_LP_CAN1_RX0_IRQHandler                        Build/startup.o
UsageFault_Handler                                Build/startup.o
WWDG_IRQHandler                                   Build/startup.o
__adddf3                                          c:/program files (x86)/gnu arm embedded toolchain/10 2021.10/bin/../lib/gcc/arm-none-eabi/10.3.1/thumb/v7-m/nofp\libgcc.a(_arm_addsubdf3.o)
__aeabi_d2uiz                                     c:/program files (x86)/gnu arm embedded toolchain/10 2021.10/bin/../lib/gcc/arm-none-eabi/10.3.1/thumb/v7-m/nofp\libgcc.a(_arm_fixunsdfsi.o)
                                                  Build/main.o
__aeabi_dadd                                      c:/program files (x86)/gnu arm embedded toolchain/10 2021.10/bin/../lib/gcc/arm-none-eabi/10.3.1/thumb/v7-m/nofp\libgcc.a(_arm_addsubdf3.o)
__aeabi_ddiv                                      c:/program files (x86)/gnu arm embedded toolchain/10 2021.10/bin/../lib/gcc/arm-none-eabi/10.3.1/thumb/v7-m/nofp\libgcc.a(_arm_muldivdf3.o)
                                                  Build/main.o
__aeabi_dmul                                      c:/program files (x86)/gnu arm embedded toolchain/10 2021.10/bin/../lib/gcc/arm-none-eabi/10.3.1/thumb/v7-m/nofp\libgcc.a(_arm_muldivdf3.o)
                                                  c:/program files (x86)/gnu arm embedded toolchain/10 2021.10/bin/../lib/gcc/arm-none-eabi/10.3.1/thumb/v7-m/nofp\libgcc.a(_arm_muldf3.o)
                                                  Build/main.o
__aeabi_drsub                                     c:/program files (x86)/gnu arm embedded toolchain/10 2021.10/bin/../lib/gcc/arm-none-eabi/10.3.1/thumb/v7-m/nofp\libgcc.a(_arm_addsubdf3.o)
__aeabi_dsub                                      c:/program files (x86)/gnu arm embedded toolchain/10 2021.10/bin/../lib/gcc/arm-none-eabi/10.3.1/thumb/v7-m/nofp\libgcc.a(_arm_addsubdf3.o)
__aeabi_f2d                                       c:/program files (x86)/gnu arm embedded toolchain/10 2021.10/bin/../lib/gcc/arm-none-eabi/10.3.1/thumb/v7-m/nofp\libgcc.a(_arm_addsubdf3.o)
__aeabi_i2d                                       c:/program files (x86)/gnu arm embedded toolchain/10 2021.10/bin/../lib/gcc/arm-none-eabi/10.3.1/thumb/v7-m/nofp\libgcc.a(_arm_addsubdf3.o)
__aeabi_l2d                                       c:/program files (x86)/gnu arm embedded toolchain/10 2021.10/bin/../lib/gcc/arm-none-eabi/10.3.1/thumb/v7-m/nofp\libgcc.a(_arm_addsubdf3.o)
__aeabi_ui2d                                      c:/program files (x86)/gnu arm embedded toolchain/10 2021.10/bin/../lib/gcc/arm-none-eabi/10.3.1/thumb/v7-m/nofp\libgcc.a(_arm_addsubdf3.o)
                                                  Build/main.o
__aeabi_ul2d                                      c:/program files (x86)/gnu arm embedded toolchain/10 2021.10/bin/../lib/gcc/arm-none-eabi/10.3.1/thumb/v7-m/nofp\libgcc.a(_arm_addsubdf3.o)
__divdf3                                          c:/program files (x86)/gnu arm embedded toolchain/10 2021.10/bin/../lib/gcc/arm-none-eabi/10.3.1/thumb/v7-m/nofp\libgcc.a(_arm_muldivdf3.o)
__extendsfdf2                                     c:/program files (x86)/gnu arm embedded toolchain/10 2021.10/bin/../lib/gcc/arm-none-eabi/10.3.1/thumb/v7-m/nofp\libgcc.a(_arm_addsubdf3.o)
__fixunsdfsi                                      c:/program files (x86)/gnu arm embedded toolchain/10 2021.10/bin/../lib/gcc/arm-none-eabi/10.3.1/thumb/v7-m/nofp\libgcc.a(_arm_fixunsdfsi.o)
__floatdidf                                       c:/program files (x86)/gnu arm embedded toolchain/10 2021.10/bin/../lib/gcc/arm-none-eabi/10.3.1/thumb/v7-m/nofp\libgcc.a(_arm_addsubdf3.o)
__floatsidf                                       c:/program files (x86)/gnu arm embedded toolchain/10 2021.10/bin/../lib/gcc/arm-none-eabi/10.3.1/thumb/v7-m/nofp\libgcc.a(_arm_addsubdf3.o)
__floatundidf                                     c:/program files (x86)/gnu arm embedded toolchain/10 2021.10/bin/../lib/gcc/arm-none-eabi/10.3.1/thumb/v7-m/nofp\libgcc.a(_arm_addsubdf3.o)
__floatunsidf                                     c:/program files (x86)/gnu arm embedded toolchain/10 2021.10/bin/../lib/gcc/arm-none-eabi/10.3.1/thumb/v7-m/nofp\libgcc.a(_arm_addsubdf3.o)
__muldf3                                          c:/program files (x86)/gnu arm embedded toolchain/10 2021.10/bin/../lib/gcc/arm-none-eabi/10.3.1/thumb/v7-m/nofp\libgcc.a(_arm_muldivdf3.o)
                                                  c:/program files (x86)/gnu arm embedded toolchain/10 2021.10/bin/../lib/gcc/arm-none-eabi/10.3.1/thumb/v7-m/nofp\libgcc.a(_arm_muldf3.o)
__subdf3                                          c:/program files (x86)/gnu arm embedded toolchain/10 2021.10/bin/../lib/gcc/arm-none-eabi/10.3.1/thumb/v7-m/nofp\libgcc.a(_arm_addsubdf3.o)
_ebss                                             Build/startup.o
_edata                                            Build/startup.o
_estack                                           Build/startup.o
_sbss                                             Build/startup.o
_sdata                                            Build/startup.o
_sidata                                           Build/startup.o
adc_buffer                                        Build/main.o
delay_ms                                          Build/delay.o
                                                  Build/main.o
delay_us                                          Build/delay.o
isr_vector                                        Build/startup.o
main                                              Build/main.o
                                                  Build/startup.o
oled_test_data                                    Build/main.o
